// Jest Snapshot v1, https://goo.gl/fbAQLP

exports[`Component: Header renders correctly 1`] = `
<div>
  <header
    className="MuiPaper-root-12 MuiPaper-elevation4-18 MuiAppBar-root-3 MuiAppBar-positionStatic-7"
  >
    <div
      className="MuiToolbar-root-39 MuiToolbar-regular-41 MuiToolbar-gutters-40"
    >
      <button
        aria-label="Menu"
        className="MuiButtonBase-root-49 MuiIconButton-root-43 MuiIconButton-colorInherit-44"
        disabled={false}
        onBlur={[Function]}
        onClick={[Function]}
        onContextMenu={[Function]}
        onFocus={[Function]}
        onKeyDown={[Function]}
        onKeyUp={[Function]}
        onMouseDown={[Function]}
        onMouseLeave={[Function]}
        onMouseUp={[Function]}
        onTouchEnd={[Function]}
        onTouchMove={[Function]}
        onTouchStart={[Function]}
        tabIndex="0"
        type="button"
      >
        <span
          className="MuiIconButton-label-48"
        >
          <svg
            aria-hidden="true"
            className="MuiSvgIcon-root-52"
            focusable="false"
            role="presentation"
            viewBox="0 0 24 24"
          >
            <path
              d="M0 0h24v24H0z"
              fill="none"
            />
            <path
              d="M3 18h18v-2H3v2zm0-5h18v-2H3v2zm0-7v2h18V6H3z"
            />
          </svg>
        </span>
        <span
          className="MuiTouchRipple-root-75"
        />
      </button>
    </div>
  </header>
</div>
`;
